🔍 搜索: NVIDIA GTC 2026 Jensen Huang keynote highlights
   ⚠️ DDG HTML 受限，尝试 DuckDuckGo Lite...
   ⚠️ DDG 全面受限，尝试 百度资讯...
🔍 搜索: 英伟达 GTC 2026 全球 AI 战略 趋势
   [过滤] Nvidia Gtc 2026 Ai 大會｜3 月 16—19 日，聖荷西與線上...
   💎 高价值情报 (得分: 8): Nvidia Gtc 2026 Ai 大會｜3 月 16—19 日，聖荷西與線上...
   [过滤] 2026年gtc大会 - 百度百科...
   💎 高价值情报 (得分: 9): 2026年gtc大会 - 百度百科...
   [过滤] 英伟达gtc 2026前瞻：四大技术革命引爆ai算力投资机遇...
   🗑️ 过滤丢弃 (得分: 4): 该资讯来源为非权威金融自媒体，内容属于对已知年度会议的常规前瞻与投资炒作，缺乏针对汽车行业（如Thor芯片SOP细节、舱驾一体底层协议）的实质性增量情报，属于二级市场噪音。
   [过滤] 英伟达gtc 2026前瞻核心内容 给大家做下 英伟达 2026年3月gtc全球...
   💎 高价值情报 (得分: 9): 英伟达gtc 2026前瞻核心内容 给大家做下 英伟达 2026年3月gtc全球...
   [过滤] Gtc 2026 即将启幕!锁定这场直播，看懂2026中国ai创业与投资核心风口...
   🗑️ 过滤丢弃 (得分: 4): 该资讯本质上属于媒体直播的营销预热与引流话术，仅提供了GTC 2026的时间地点等公开议程信息。内容缺乏任何关于英伟达下一代架构（如Rubin之后）、算力指标、底层技术突破或实质性行业战略分析，情报颗粒度极低，属于典型的行业会议噪音。
🔍 搜索: NVIDIA Blackwell Ultra B300 架构 细节 2026
   ⚠️ DDG HTML 受限，尝试 DuckDuckGo Lite...
   ⚠️ DDG 全面受限，尝试 百度资讯...
🔍 搜索: GTC 2026 具身智能 机器人 Isaac 平台 最新
   ⚠️ DDG HTML 受限，尝试 DuckDuckGo Lite...
   ⚠️ DDG 全面受限，尝试 百度资讯...
🔍 搜索: NVIDIA Omniverse 2026 工业数字孪生 汽车制造
   ⚠️ DDG HTML 受限，尝试 DuckDuckGo Lite...
   ⚠️ DDG 全面受限，尝试 百度资讯...
🔍 搜索: GTC 2026 AI Agents NIMs 企业级应用
   ⚠️ DDG HTML 受限，尝试 DuckDuckGo Lite...
   ⚠️ DDG 全面受限，尝试 百度资讯...
🔍 搜索: Tesla FSD v12 v13 v14 rollout 2026
   ⚠️ DDG HTML 受限，尝试 DuckDuckGo Lite...
   ⚠️ DDG 全面受限，尝试 百度资讯...
🔍 搜索: 华为 乾崑 ADS 4.0 5.0 路线图
   ⚠️ DDG HTML 受限，尝试 DuckDuckGo Lite...
   ⚠️ DDG 全面受限，尝试 百度资讯...
🔍 搜索: 端到端 自动驾驶 算法 突破 2026
   ⚠️ DDG HTML 受限，尝试 DuckDuckGo Lite...
   ⚠️ DDG 全面受限，尝试 百度资讯...
🔍 搜索: Tesla FSD V12 V13 推送 更新
   ⚠️ DDG HTML 受限，尝试 DuckDuckGo Lite...
   ⚠️ DDG 全面受限，尝试 百度资讯...
🔍 搜索: 理想汽车 OTA 智能座舱 5.0 6.0
   ⚠️ DDG HTML 受限，尝试 DuckDuckGo Lite...
   ⚠️ DDG 全面受限，尝试 百度资讯...
🔍 搜索: 小鹏汽车 天玑系统 XOS 升级
   ⚠️ DDG HTML 受限，尝试 DuckDuckGo Lite...
   ⚠️ DDG 全面受限，尝试 百度资讯...
🔍 搜索: 蔚来汽车 Banyan 智驾 系统更新
   ⚠️ DDG HTML 受限，尝试 DuckDuckGo Lite...
   ⚠️ DDG 全面受限，尝试 百度资讯...
🔍 搜索: 吉利 极氪 极越 OTA 智能化升级
   ⚠️ DDG HTML 受限，尝试 DuckDuckGo Lite...
   ⚠️ DDG 全面受限，尝试 百度资讯...
🔍 搜索: 小米汽车 SU7 OTA 升级 计划
   ⚠️ DDG HTML 受限，尝试 DuckDuckGo Lite...
   ⚠️ DDG 全面受限，尝试 百度资讯...
🔍 搜索: 骁龙 8775P 8295 舱驾一体 首发车型
   ⚠️ DDG HTML 受限，尝试 DuckDuckGo Lite...
   ⚠️ DDG 全面受限，尝试 百度资讯...
🔍 搜索: 车载 端侧 大模型 2026 落地 厂商
   ⚠️ DDG HTML 受限，尝试 DuckDuckGo Lite...
   ⚠️ DDG 全面受限，尝试 百度资讯...
🔍 搜索: 鸿蒙座舱 5.0 原生鸿蒙 汽车 生态 2026
   ⚠️ DDG HTML 受限，尝试 DuckDuckGo Lite...
   ⚠️ DDG 全面受限，尝试 百度资讯...
🔍 搜索: 华为 896线 激光雷达 尊界 S800 搭载 2026
   ⚠️ DDG HTML 受限，尝试 DuckDuckGo Lite...
   ⚠️ DDG 全面受限，尝试 百度资讯...
🔍 搜索: 千线级 激光雷达 2026 行业 排名
   ⚠️ DDG HTML 受限，尝试 DuckDuckGo Lite...
   ⚠️ DDG 全面受限，尝试 百度资讯...
✅ 更新完成！存入 3 条 2026 核心情报。
